../Core/Src/mpu9250_calibration.c:34:13:wait_for_user_button	8	static
../Core/Src/mpu9250_calibration.c:51:19:MPU9250_CalibrateGyro	88	static
../Core/Src/mpu9250_calibration.c:95:19:MPU9250_CalibrateAccel	144	static
../Core/Src/mpu9250_calibration.c:159:19:MPU9250_CalibrateMag	96	static
../Core/Src/mpu9250_calibration.c:225:19:MPU9250_CalibrateAll	16	static
../Core/Src/mpu9250_calibration.c:253:6:MPU9250_ApplyCalibration	32	static
../Core/Src/mpu9250_calibration.c:286:6:MPU9250_CalibrationReset	8	static
../Core/Src/mpu9250_calibration.c:311:7:ComputeHeading2D	32	static
../Core/Src/mpu9250_calibration.c:326:7:ComputeHeading3D	96	static
