../Core/Src/mpu9250_calibration.c:51:13:wait_for_user_button	8	static
../Core/Src/mpu9250_calibration.c:62:19:MPU9250_CalibrateGyro	88	static
../Core/Src/mpu9250_calibration.c:106:19:MPU9250_CalibrateAccel	144	static
../Core/Src/mpu9250_calibration.c:172:19:MPU9250_CalibrateMag	96	static
../Core/Src/mpu9250_calibration.c:238:19:MPU9250_CalibrateAll	16	static
../Core/Src/mpu9250_calibration.c:266:6:MPU9250_ApplyCalibration	32	static
../Core/Src/mpu9250_calibration.c:299:6:MPU9250_CalibrationReset	8	static
../Core/Src/mpu9250_calibration.c:323:19:MPU9250_SaveCalibration	72	static
../Core/Src/mpu9250_calibration.c:382:19:MPU9250_LoadCalibration	64	static
